// Jest Snapshot v1, https://goo.gl/fbAQLP

exports[`renders 1`] = `
<DocumentFragment>
  <div
    class="MuiPaper-root MuiCard-root MuiPaper-elevation1 MuiPaper-rounded"
  >
    <div
      class="MuiCardContent-root"
    >
      <h2
        class="MuiTypography-root MuiTypography-h5"
      />
      <p
        class="MuiTypography-root makeStyles-pos-2 MuiTypography-body1 MuiTypography-colorTextSecondary"
      />
      <p
        class="MuiTypography-root MuiTypography-body2"
      />
    </div>
    <div
      class="MuiCardActions-root MuiCardActions-spacing"
    >
      <p
        class="MuiTypography-root makeStyles-title-1 MuiTypography-body1 MuiTypography-gutterBottom"
      />
      <a
        aria-disabled="false"
        aria-label="edit"
        class="MuiButtonBase-root MuiIconButton-root MuiIconButton-colorPrimary MuiIconButton-sizeSmall"
        href="/edit/undefined"
        role="button"
        tabindex="0"
      >
        <span
          class="MuiIconButton-label"
        >
          <svg
            aria-hidden="true"
            class="MuiSvgIcon-root makeStyles-editIcon-3"
            focusable="false"
            viewBox="0 0 24 24"
          >
            <path
              d="M14.06 9.02l.92.92L5.92 19H5v-.92l9.06-9.06M17.66 3c-.25 0-.51.1-.7.29l-1.83 1.83 3.75 3.75 1.83-1.83c.39-.39.39-1.02 0-1.41l-2.34-2.34c-.2-.2-.45-.29-.71-.29zm-3.6 3.19L3 17.25V21h3.75L17.81 9.94l-3.75-3.75z"
            />
          </svg>
        </span>
        <span
          class="MuiTouchRipple-root"
        />
      </a>
    </div>
  </div>
</DocumentFragment>
`;
